[27Apr2026 08:26:21.619] [main/INFO] [net.neoforged.fml.startup.Entrypoint/]: JVM Uptime at startup: 438ms
[27Apr2026 08:26:21.657] [main/INFO] [net.neoforged.fml.loading.FMLLoader/]: Starting FancyModLoader version 11.0.5 (CLIENT in DEV)
[27Apr2026 08:26:21.658] [main/INFO] [net.neoforged.fml.loading.FMLLoader/]: Game directory: /Users/owenballard/Documents/McZombs/runs/client
[27Apr2026 08:26:21.881] [main/INFO] [net.neoforged.fml.loading.EarlyServiceDiscovery/]: Found 2 early service jars (out of 102) in 59ms
[27Apr2026 08:26:21.883] [main/INFO] [net.neoforged.fml.loading.FMLLoader/]: Loading FML Early Services:
[27Apr2026 08:26:21.885] [main/INFO] [net.neoforged.fml.loading.FMLLoader/]:  - /Users/owenballard/.gradle/caches/modules-2/files-2.1/net.neoforged.fancymodloader/earlydisplay/11.0.5/b2edeab4008c91772d61f8f98a5253a09a4e890d/earlydisplay-11.0.5.jar
[27Apr2026 08:26:21.887] [main/INFO] [net.neoforged.fml.loading.FMLLoader/]:  - /Users/owenballard/.gradle/caches/modules-2/files-2.1/net.neoforged.fancymodloader/loader/11.0.5/3477e70d79fe8cd06962749f24e64f01edda3bb3/loader-11.0.5.jar
[27Apr2026 08:26:21.907] [main/INFO] [net.neoforged.fml.loading.ImmediateWindowHandler/]: Loading ImmediateWindowProvider fmlearlywindow
[27Apr2026 08:26:24.143] [main/WARN] [EARLYDISPLAY/]: Failed to set window icon: [0x1000C] Cocoa: Regular windows do not have icons on macOS
[27Apr2026 08:26:25.140] [ForkJoinPool.commonPool-worker-3/INFO] [net.neoforged.fml.loading.moddiscovery.locators.GameLocator/]: Detected a joined NeoForge and Minecraft configuration. Applying filtering...
[27Apr2026 08:26:25.423] [fml-loadingscreen/INFO] [net.neoforged.fml.earlydisplay.render.LoadingScreenRenderer/]: GL info: Intel(R) Iris(TM) Plus Graphics OpenGL Engine (1x6x8 (fused) LP GL version 4.1 INTEL-23.7.4, Intel Inc.
[27Apr2026 08:26:25.745] [ForkJoinPool.commonPool-worker-3/INFO] [net.neoforged.fml.loading.moddiscovery.locators.InDevFolderLocator/CORE]: Got mod coordinates McZombs%%/Users/owenballard/Documents/McZombs/build/resources/main:McZombs%%/Users/owenballard/Documents/McZombs/build/classes/java/main from env
[27Apr2026 08:26:26.200] [ForkJoinPool.commonPool-worker-3/WARN] [net.neoforged.jarjar.selection.JarSelector/]: Attempted to select a dependency jar for JarJar which was passed in as source: library:mixinextras.neoforge. Using jar(/Users/owenballard/.gradle/caches/modules-2/files-2.1/io.github.llamalad7/mixinextras-neoforge/0.5.3/a0919957808de97707c5fb4ce073e66aeef3e187/mixinextras-neoforge-0.5.3.jar)
[27Apr2026 08:26:26.201] [ForkJoinPool.commonPool-worker-3/INFO] [net.neoforged.fml.loading.moddiscovery.locators.JarInJarDependencyLocator/]: Found 1 dependencies adding them to mods collection
[27Apr2026 08:26:26.210] [ForkJoinPool.commonPool-worker-3/INFO] [net.neoforged.fml.loading.moddiscovery.ModDiscoverer/]: 
     Mod List:
		Name Version (Mod Id)

		MC Zombs 1.0.0 (mczombs)
		Minecraft 26.1.2 (minecraft)
		NeoForge 26.1.2.10-beta (neoforge)
[27Apr2026 08:26:27.430] [main/INFO] [mixin/]: SpongePowered MIXIN Subsystem Version=0.8.7 Source=file:/Users/owenballard/.gradle/caches/modules-2/files-2.1/net.fabricmc/sponge-mixin/0.17.0+mixin.0.8.7/cf31463202f72d03b0ef1e1e38e8ee71b7faaab6/sponge-mixin-0.17.0+mixin.0.8.7.jar Service=FML Env=CLIENT
[27Apr2026 08:26:27.512] [main/INFO] [net.neoforged.fml.loading.FMLLoader/]: Loading FML Plugins:
[27Apr2026 08:26:27.514] [main/INFO] [net.neoforged.fml.loading.FMLLoader/]:  - /Users/owenballard/.gradle/caches/modules-2/files-2.1/net.neoforged/neoforge/26.1.2.10-beta/3eb60d9071c91c74267d658873715ee18f960f05/neoforge-26.1.2.10-beta-universal.jar > net.neoforged.neoforge-coremods-26.1.2.10-beta.jar
[27Apr2026 08:26:27.863] [main/INFO] [net.neoforged.fml.loading.FMLLoader/]: Building game content classloader:
 - mczombs (composite(folder(/Users/owenballard/Documents/McZombs/build/resources/main), folder(/Users/owenballard/Documents/McZombs/build/classes/java/main)))
 - minecraft (composite(filtered(jar(/Users/owenballard/Documents/McZombs/.gradle/repositories/ng_dummy_ng/net/neoforged/neoforge/26.1.2.10-beta/neoforge-26.1.2.10-beta.jar)), filtered(jar(/Users/owenballard/Documents/McZombs/.gradle/repositories/ng_dummy_ng/net/neoforged/neoforge/26.1.2.10-beta/neoforge-26.1.2.10-beta.jar))))
 - mixinextras.neoforge (jar(/Users/owenballard/.gradle/caches/modules-2/files-2.1/io.github.llamalad7/mixinextras-neoforge/0.5.3/a0919957808de97707c5fb4ce073e66aeef3e187/mixinextras-neoforge-0.5.3.jar))
 - neoforge (composite(filtered(jar(/Users/owenballard/.gradle/caches/modules-2/files-2.1/net.neoforged/neoforge/26.1.2.10-beta/3eb60d9071c91c74267d658873715ee18f960f05/neoforge-26.1.2.10-beta-universal.jar))))
 - net.neoforged.fml.generated (empty(VirtualJar/net.neoforged.fml.generated))
[27Apr2026 08:26:27.965] [main/INFO] [net.neoforged.fml.loading.FMLLoader/]: Built game content classloader in 143ms
[27Apr2026 08:26:35.900] [Datafixer Bootstrap/INFO] [com.mojang.datafixers.DataFixerBuilder/]: 294 Datafixer optimizations took 2306 milliseconds
[27Apr2026 08:26:36.863] [pool-6-thread-1/INFO] [MixinExtras|Service/]: Initializing MixinExtras via com.llamalad7.mixinextras.service.MixinExtrasServiceImpl(version=0.5.3).
[27Apr2026 08:27:04.394] [main/WARN] [net.minecraft.commands.Commands/]: Ambiguity between arguments [teleport, location] and [teleport, destination] with inputs: [0.1 -0.5 .9, 0 0 0]
[27Apr2026 08:27:04.405] [main/WARN] [net.minecraft.commands.Commands/]: Ambiguity between arguments [teleport, location] and [teleport, targets] with inputs: [0.1 -0.5 .9, 0 0 0]
[27Apr2026 08:27:04.415] [main/WARN] [net.minecraft.commands.Commands/]: Ambiguity between arguments [teleport, destination] and [teleport, targets] with inputs: [Player, 0123, @e, dd12be42-52a9-4a91-a8a1-11c01849e498]
[27Apr2026 08:27:04.419] [main/WARN] [net.minecraft.commands.Commands/]: Ambiguity between arguments [teleport, targets] and [teleport, destination] with inputs: [Player, 0123, dd12be42-52a9-4a91-a8a1-11c01849e498]
[27Apr2026 08:27:04.424] [main/WARN] [net.minecraft.commands.Commands/]: Ambiguity between arguments [teleport, targets, location] and [teleport, targets, destination] with inputs: [0.1 -0.5 .9, 0 0 0]
[27Apr2026 08:27:04.428] [main/WARN] [net.minecraft.commands.Commands/]: Ambiguity between arguments [time, set, time] and [time, set, timemarker] with inputs: [0, 0s, 0d, 0t]
[27Apr2026 08:27:04.433] [main/WARN] [net.minecraft.commands.Commands/]: Ambiguity between arguments [time, set, timemarker] and [time, set, time] with inputs: [012]
[27Apr2026 08:27:04.438] [main/WARN] [net.minecraft.commands.Commands/]: Ambiguity between arguments [time, of, clock, set, time] and [time, of, clock, set, timemarker] with inputs: [0, 0s, 0d, 0t]
[27Apr2026 08:27:04.444] [main/WARN] [net.minecraft.commands.Commands/]: Ambiguity between arguments [time, of, clock, set, timemarker] and [time, of, clock, set, time] with inputs: [012]
[27Apr2026 08:27:04.450] [main/WARN] [net.minecraft.commands.Commands/]: Ambiguity between arguments [waypoint, modify, waypoint, color, reset] and [waypoint, modify, waypoint, color, color] with inputs: [reset]
[27Apr2026 08:27:04.707] [modloading-worker-0/INFO] [net.neoforged.neoforge.common.NeoForgeMod/NEOFORGE-MOD]: NeoForge mod loading, version 26.1.2.10-beta, for MC 26.1.2
[27Apr2026 08:27:06.784] [Render thread/INFO] [com.mojang.authlib.yggdrasil.YggdrasilAuthenticationService/]: Environment: Environment[sessionHost=https://sessionserver.mojang.com, servicesHost=https://api.minecraftservices.com, profilesHost=https://api.mojang.com, name=PROD]
[27Apr2026 08:27:06.853] [Render thread/INFO] [net.minecraft.client.Minecraft/]: Setting user: Dev
[27Apr2026 08:27:07.278] [Render thread/INFO] [net.minecraft.client.Minecraft/]: Backend library: LWJGL version 3.4.1+2
[27Apr2026 08:27:07.279] [Render thread/WARN] [net.minecraft.client.Minecraft/]: Detected unexpected shutdown during last game startup: resetting fullscreen mode
[27Apr2026 08:27:08.274] [Render thread/INFO] [net.minecraft.client.Minecraft/]: Using optional rendering extensions: GL_EXT_texture_filter_anisotropic
[27Apr2026 08:27:10.755] [Render thread/INFO] [net.minecraft.server.packs.resources.ReloadableResourceManager/]: Reloading ResourceManager: vanilla, mod_resources, mod/mczombs, mod/neoforge
[27Apr2026 08:27:15.342] [resourceLoad/INFO] [net.minecraft.client.gui.font.providers.UnihexProvider/]: Found unifont_all_no_pua-17.0.01.hex, loading
[27Apr2026 08:27:15.486] [resourceLoad/INFO] [net.minecraft.client.gui.font.providers.UnihexProvider/]: Found unifont_pua-17.0.01.hex, loading
[27Apr2026 08:27:16.718] [resourceLoad/INFO] [net.minecraft.client.gui.font.providers.UnihexProvider/]: Found unifont_jp_patch-17.0.01.hex, loading
[27Apr2026 08:27:23.431] [Render thread/INFO] [com.mojang.blaze3d.opengl.GlProgram/]: Info log when linking program containing VS minecraft:core/entity and FS minecraft:core/entity. Log output: WARNING: Could not find vertex shader attribute 'UV1' to match BindAttributeLocation request.

[27Apr2026 08:27:23.478] [Render thread/INFO] [com.mojang.blaze3d.opengl.GlProgram/]: Info log when linking program containing VS minecraft:core/rendertype_text_background_see_through and FS minecraft:core/rendertype_text_background_see_through. Log output: WARNING: Could not find vertex shader attribute 'UV2' to match BindAttributeLocation request.

[27Apr2026 08:27:23.523] [Render thread/INFO] [com.mojang.blaze3d.opengl.GlProgram/]: Info log when linking program containing VS minecraft:core/rendertype_crumbling and FS minecraft:core/rendertype_crumbling. Log output: WARNING: Could not find vertex shader attribute 'UV2' to match BindAttributeLocation request.

[27Apr2026 08:27:23.540] [Render thread/INFO] [com.mojang.blaze3d.opengl.GlProgram/]: Info log when linking program containing VS minecraft:core/entity and FS minecraft:core/entity. Log output: WARNING: Could not find vertex shader attribute 'UV1' to match BindAttributeLocation request.

[27Apr2026 08:27:23.586] [Render thread/INFO] [com.mojang.blaze3d.opengl.GlProgram/]: Info log when linking program containing VS minecraft:core/rendertype_beacon_beam and FS minecraft:core/rendertype_beacon_beam. Log output: WARNING: Could not find vertex shader attribute 'UV2' to match BindAttributeLocation request.

[27Apr2026 08:27:23.591] [Render thread/INFO] [com.mojang.blaze3d.opengl.GlProgram/]: Info log when linking program containing VS minecraft:core/entity and FS minecraft:core/entity. Log output: WARNING: Could not find vertex shader attribute 'UV1' to match BindAttributeLocation request.

[27Apr2026 08:27:23.721] [Render thread/INFO] [com.mojang.blaze3d.opengl.GlProgram/]: Info log when linking program containing VS neoforge:core/item_unlit and FS minecraft:core/item. Log output: WARNING: Could not find vertex shader attribute 'UV1' to match BindAttributeLocation request.
WARNING: Could not find vertex shader attribute 'Normal' to match BindAttributeLocation request.
WARNING: Could not find vertex shader attribute 'UV2' to match BindAttributeLocation request.

[27Apr2026 08:27:23.764] [Render thread/INFO] [com.mojang.blaze3d.opengl.GlProgram/]: Info log when linking program containing VS minecraft:core/item and FS minecraft:core/item. Log output: WARNING: Could not find vertex shader attribute 'UV1' to match BindAttributeLocation request.

[27Apr2026 08:27:23.806] [Render thread/INFO] [com.mojang.blaze3d.opengl.GlProgram/]: Info log when linking program containing VS minecraft:core/rendertype_beacon_beam and FS minecraft:core/rendertype_beacon_beam. Log output: WARNING: Could not find vertex shader attribute 'UV2' to match BindAttributeLocation request.

[27Apr2026 08:27:23.848] [Render thread/INFO] [com.mojang.blaze3d.opengl.GlProgram/]: Info log when linking program containing VS minecraft:core/entity and FS minecraft:core/entity. Log output: WARNING: Could not find vertex shader attribute 'UV1' to match BindAttributeLocation request.

[27Apr2026 08:27:23.871] [Render thread/INFO] [com.mojang.blaze3d.opengl.GlProgram/]: Info log when linking program containing VS minecraft:core/rendertype_text_intensity_see_through and FS minecraft:core/rendertype_text_intensity_see_through. Log output: WARNING: Could not find vertex shader attribute 'UV2' to match BindAttributeLocation request.

[27Apr2026 08:27:23.919] [Render thread/INFO] [com.mojang.blaze3d.opengl.GlProgram/]: Info log when linking program containing VS minecraft:core/entity and FS minecraft:core/entity. Log output: WARNING: Could not find vertex shader attribute 'UV1' to match BindAttributeLocation request.

[27Apr2026 08:27:23.933] [Render thread/INFO] [com.mojang.blaze3d.opengl.GlProgram/]: Info log when linking program containing VS minecraft:core/entity and FS minecraft:core/entity. Log output: WARNING: Could not find vertex shader attribute 'UV1' to match BindAttributeLocation request.
WARNING: Could not find vertex shader attribute 'Normal' to match BindAttributeLocation request.
WARNING: Could not find vertex shader attribute 'UV2' to match BindAttributeLocation request.

[27Apr2026 08:27:24.046] [Render thread/INFO] [com.mojang.blaze3d.opengl.GlProgram/]: Info log when linking program containing VS minecraft:core/rendertype_text_see_through and FS minecraft:core/rendertype_text_see_through. Log output: WARNING: Could not find vertex shader attribute 'UV2' to match BindAttributeLocation request.

[27Apr2026 08:27:24.085] [Render thread/INFO] [com.mojang.blaze3d.opengl.GlProgram/]: Info log when linking program containing VS minecraft:core/item and FS minecraft:core/item. Log output: WARNING: Could not find vertex shader attribute 'UV1' to match BindAttributeLocation request.

[27Apr2026 08:27:24.199] [Render thread/INFO] [com.mojang.blaze3d.opengl.GlProgram/]: Info log when linking program containing VS minecraft:core/entity and FS minecraft:core/entity. Log output: WARNING: Could not find vertex shader attribute 'UV1' to match BindAttributeLocation request.
WARNING: Could not find vertex shader attribute 'Normal' to match BindAttributeLocation request.

[27Apr2026 08:27:24.247] [Render thread/INFO] [com.mojang.blaze3d.opengl.GlProgram/]: Info log when linking program containing VS minecraft:core/entity and FS minecraft:core/entity. Log output: WARNING: Could not find vertex shader attribute 'UV1' to match BindAttributeLocation request.
WARNING: Could not find vertex shader attribute 'Normal' to match BindAttributeLocation request.
WARNING: Could not find vertex shader attribute 'UV2' to match BindAttributeLocation request.

[27Apr2026 08:27:24.284] [Render thread/INFO] [com.mojang.blaze3d.opengl.GlProgram/]: Info log when linking program containing VS minecraft:core/animate_sprite and FS minecraft:core/animate_sprite_blit. Log output: WARNING: Output of vertex shader 'fAnimationProgress' not read by fragment shader

[27Apr2026 08:27:24.307] [Render thread/INFO] [com.mojang.blaze3d.opengl.GlProgram/]: Info log when linking program containing VS minecraft:core/rendertype_entity_shadow and FS minecraft:core/rendertype_entity_shadow. Log output: WARNING: Could not find vertex shader attribute 'UV1' to match BindAttributeLocation request.
WARNING: Could not find vertex shader attribute 'Normal' to match BindAttributeLocation request.
WARNING: Could not find vertex shader attribute 'UV2' to match BindAttributeLocation request.

[27Apr2026 08:27:24.349] [Render thread/INFO] [com.mojang.blaze3d.opengl.GlProgram/]: Info log when linking program containing VS minecraft:core/entity and FS minecraft:core/entity. Log output: WARNING: Could not find vertex shader attribute 'UV2' to match BindAttributeLocation request.

[27Apr2026 08:27:24.370] [Render thread/INFO] [com.mojang.blaze3d.opengl.GlProgram/]: Info log when linking program containing VS minecraft:core/entity and FS minecraft:core/entity. Log output: WARNING: Could not find vertex shader attribute 'Normal' to match BindAttributeLocation request.

[27Apr2026 08:27:24.447] [Render thread/INFO] [com.mojang.blaze3d.opengl.GlProgram/]: Info log when linking program containing VS neoforge:core/item_unlit and FS minecraft:core/item. Log output: WARNING: Could not find vertex shader attribute 'UV1' to match BindAttributeLocation request.
WARNING: Could not find vertex shader attribute 'Normal' to match BindAttributeLocation request.
WARNING: Could not find vertex shader attribute 'UV2' to match BindAttributeLocation request.

[27Apr2026 08:27:24.667] [Render thread/INFO] [com.mojang.blaze3d.audio.Library/]: OpenAL initialized on device MacBook Air Speakers
[27Apr2026 08:27:24.675] [Render thread/INFO] [net.minecraft.client.sounds.SoundEngine/SOUNDS]: Sound engine started
[27Apr2026 08:27:24.676] [Render thread/INFO] [net.minecraft.client.renderer.texture.TextureAtlas/]: Created: 512x256x0 minecraft:textures/atlas/particles.png-atlas
[27Apr2026 08:27:24.774] [Render thread/INFO] [net.minecraft.client.renderer.texture.TextureAtlas/]: Created: 128x128x0 minecraft:textures/atlas/decorated_pot.png-atlas
[27Apr2026 08:27:24.783] [Render thread/INFO] [net.minecraft.client.renderer.texture.TextureAtlas/]: Created: 2048x1024x0 minecraft:textures/atlas/armor_trims.png-atlas
[27Apr2026 08:27:24.890] [Render thread/INFO] [net.minecraft.client.renderer.texture.TextureAtlas/]: Created: 512x256x0 minecraft:textures/atlas/paintings.png-atlas
[27Apr2026 08:27:24.903] [Render thread/INFO] [net.minecraft.client.renderer.texture.TextureAtlas/]: Created: 1024x512x0 minecraft:textures/atlas/shield_patterns.png-atlas
[27Apr2026 08:27:24.914] [Render thread/INFO] [net.minecraft.client.renderer.texture.TextureAtlas/]: Created: 2048x2048x4 minecraft:textures/atlas/blocks.png-atlas
[27Apr2026 08:27:25.274] [Render thread/INFO] [net.minecraft.client.renderer.texture.TextureAtlas/]: Created: 512x512x0 minecraft:textures/atlas/chest.png-atlas
[27Apr2026 08:27:25.283] [Render thread/INFO] [net.minecraft.client.renderer.texture.TextureAtlas/]: Created: 256x128x0 minecraft:textures/atlas/celestials.png-atlas
[27Apr2026 08:27:25.293] [Render thread/INFO] [net.minecraft.client.renderer.texture.TextureAtlas/]: Created: 1024x512x0 minecraft:textures/atlas/banner_patterns.png-atlas
[27Apr2026 08:27:25.304] [Render thread/INFO] [net.minecraft.client.renderer.texture.TextureAtlas/]: Created: 512x512x0 minecraft:textures/atlas/beds.png-atlas
[27Apr2026 08:27:25.309] [Render thread/INFO] [net.minecraft.client.renderer.texture.TextureAtlas/]: Created: 1024x512x0 minecraft:textures/atlas/items.png-atlas
[27Apr2026 08:27:25.492] [Render thread/INFO] [net.minecraft.client.renderer.texture.TextureAtlas/]: Created: 1024x1024x0 minecraft:textures/atlas/gui.png-atlas
[27Apr2026 08:27:25.634] [Render thread/INFO] [net.minecraft.client.renderer.texture.TextureAtlas/]: Created: 128x64x0 minecraft:textures/atlas/map_decorations.png-atlas
[27Apr2026 08:27:25.648] [Render thread/INFO] [net.minecraft.client.renderer.texture.TextureAtlas/]: Created: 512x256x0 minecraft:textures/atlas/signs.png-atlas
[27Apr2026 08:27:25.657] [Render thread/INFO] [net.minecraft.client.renderer.texture.TextureAtlas/]: Created: 512x512x0 minecraft:textures/atlas/shulker_boxes.png-atlas
[27Apr2026 08:27:25.986] [Render thread/INFO] [net.neoforged.neoforge.client.entity.animation.json.AnimationLoader/]: Loaded 0 entity animations
[27Apr2026 08:27:59.486] [Render thread/INFO] [net.minecraft.world.item.crafting.RecipeManager/]: Loaded 1515 recipes
[27Apr2026 08:27:59.535] [Render thread/INFO] [net.minecraft.advancements.AdvancementTree/]: Loaded 1617 advancements
[27Apr2026 08:27:59.542] [Render thread/INFO] [net.neoforged.neoforge.common.crafting.RecipePriorityManager/]: Loaded 0 recipe priority overrides
[27Apr2026 08:28:00.244] [Server thread/INFO] [net.minecraft.client.server.IntegratedServer/]: Starting integrated minecraft server version 26.1.2
[27Apr2026 08:28:00.253] [Server thread/INFO] [net.minecraft.server.MinecraftServer/]: Generating keypair
[27Apr2026 08:28:02.181] [Server thread/INFO] [net.minecraft.server.level.progress.LoggingLevelLoadListener/]: Loading 0 persistent chunks...
[27Apr2026 08:28:02.185] [Server thread/INFO] [net.minecraft.server.level.progress.LoggingLevelLoadListener/]: Preparing spawn area: 16%
[27Apr2026 08:28:02.198] [Server thread/INFO] [net.minecraft.server.MinecraftServer/]: Saving chunks for level 'ServerLevel[ZombiesModMap]'/minecraft:overworld
[27Apr2026 08:28:02.314] [Server thread/INFO] [net.minecraft.server.MinecraftServer/]: Saving chunks for level 'ServerLevel[ZombiesModMap]'/minecraft:the_end
[27Apr2026 08:28:02.362] [Server thread/INFO] [net.minecraft.server.MinecraftServer/]: Saving chunks for level 'ServerLevel[ZombiesModMap]'/minecraft:the_nether
[27Apr2026 08:28:02.466] [Server thread/INFO] [net.minecraft.server.MinecraftServer/]: ThreadedAnvilChunkStorage (world): All chunks are saved
[27Apr2026 08:28:02.467] [Server thread/INFO] [net.minecraft.server.MinecraftServer/]: ThreadedAnvilChunkStorage (DIM1): All chunks are saved
[27Apr2026 08:28:02.467] [Server thread/INFO] [net.minecraft.server.MinecraftServer/]: ThreadedAnvilChunkStorage (DIM-1): All chunks are saved
[27Apr2026 08:28:02.468] [Server thread/INFO] [net.minecraft.server.MinecraftServer/]: ThreadedAnvilChunkStorage: All dimensions are saved
[27Apr2026 08:28:02.482] [Server thread/INFO] [net.neoforged.neoforge.server.permission.PermissionAPI/]: Successfully initialized permission handler neoforge:default_handler
[27Apr2026 08:28:04.107] [Server thread/INFO] [net.minecraft.server.level.progress.LoggingLevelLoadListener/]: Loading 49 chunks for player spawn...
[27Apr2026 08:28:04.107] [Server thread/INFO] [net.minecraft.server.level.progress.LoggingLevelLoadListener/]: Preparing spawn area: 16%
[27Apr2026 08:28:04.108] [Server thread/INFO] [net.minecraft.server.level.progress.LoggingLevelLoadListener/]: Preparing spawn area: 16%
[27Apr2026 08:28:04.108] [Server thread/INFO] [net.minecraft.server.level.progress.LoggingLevelLoadListener/]: Preparing spawn area: 16%
[27Apr2026 08:28:04.184] [Server thread/INFO] [net.minecraft.server.level.progress.LoggingLevelLoadListener/]: Preparing spawn area: 16%
[27Apr2026 08:28:04.686] [Server thread/INFO] [net.minecraft.server.level.progress.LoggingLevelLoadListener/]: Preparing spawn area: 16%
[27Apr2026 08:28:05.345] [Server thread/INFO] [net.minecraft.server.level.progress.LoggingLevelLoadListener/]: Preparing spawn area: 59%
[27Apr2026 08:28:05.398] [Server thread/INFO] [net.minecraft.server.level.progress.LoggingLevelLoadListener/]: Time elapsed: 3219 ms
[27Apr2026 08:28:06.940] [Server thread/INFO] [net.minecraft.server.players.PlayerList/]: Dev[local:E:c101cab8] logged in with entity id 39 at (18.785465238824166, -56.0, 58.48032287576217)
[27Apr2026 08:28:07.227] [Server thread/INFO] [net.minecraft.server.MinecraftServer/]: Dev joined the game
[27Apr2026 08:28:07.876] [Render thread/WARN] [net.minecraft.client.multiplayer.ClientPacketListener/]: Ignoring chat session from Dev due to missing Services public key
[27Apr2026 08:28:08.111] [Server thread/INFO] [net.minecraft.client.server.IntegratedServer/]: Changing view distance to 16, from 10
[27Apr2026 08:28:08.130] [Server thread/INFO] [net.minecraft.client.server.IntegratedServer/]: Changing simulation distance to 12, from 0
[27Apr2026 08:28:08.338] [Render thread/INFO] [net.minecraft.client.renderer.DynamicUniformStorage/]: Resizing Dynamic Transforms UBO, capacity limit of 2 reached during a single frame. New capacity will be 4.
[27Apr2026 08:28:08.779] [Render thread/INFO] [net.minecraft.advancements.AdvancementTree/]: Loaded 121 advancements
[27Apr2026 08:28:08.919] [Render thread/INFO] [net.minecraft.client.gui.components.ChatComponent/]: [System] [CHAT] Mczombs started!
[27Apr2026 08:28:08.930] [Render thread/INFO] [net.minecraft.client.gui.components.ChatComponent/]: [System] [CHAT] Survive as many waves as you can.
[27Apr2026 08:28:08.932] [Render thread/INFO] [net.minecraft.client.gui.components.ChatComponent/]: [System] [CHAT] Kill zombies to earn points.
[27Apr2026 08:28:08.933] [Render thread/INFO] [net.minecraft.client.gui.components.ChatComponent/]: [System] [CHAT] Use item frames to buy shop items.
[27Apr2026 08:28:08.933] [Render thread/INFO] [net.minecraft.client.gui.components.ChatComponent/]: [System] [CHAT] You spawned with a Stone Sword and food.
[27Apr2026 08:28:09.505] [Render thread/INFO] [net.minecraft.client.renderer.DynamicUniformStorage/]: Resizing Dynamic Transforms UBO, capacity limit of 4 reached during a single frame. New capacity will be 8.
[27Apr2026 08:28:09.637] [Render thread/INFO] [net.minecraft.client.gui.components.ChatComponent/]: [System] [CHAT] Next wave in 4...
[27Apr2026 08:28:09.969] [Render thread/INFO] [net.minecraft.client.gui.components.ChatComponent/]: [System] [CHAT] Next wave in 3...
[27Apr2026 08:28:09.970] [Render thread/INFO] [net.minecraft.client.gui.components.ChatComponent/]: [System] [CHAT] Next wave in 2...
[27Apr2026 08:28:11.263] [Render thread/INFO] [net.minecraft.client.gui.components.ChatComponent/]: [System] [CHAT] Next wave in 1...
[27Apr2026 08:28:11.404] [Render thread/INFO] [net.minecraft.client.renderer.DynamicUniformStorage/]: Resizing Chunk Sections UBO, capacity limit of 2 reached during a single frame. New capacity will be 8.
[27Apr2026 08:28:12.164] [Render thread/INFO] [net.minecraft.client.gui.components.ChatComponent/]: [System] [CHAT] Wave 1 started!
[27Apr2026 08:28:12.165] [Render thread/INFO] [net.minecraft.client.gui.components.ChatComponent/]: [System] [CHAT] +3 bonus points for completing the wave!
[27Apr2026 08:28:12.237] [Render thread/INFO] [net.minecraft.client.renderer.DynamicUniformStorage/]: Resizing Chunk Sections UBO, capacity limit of 8 reached during a single frame. New capacity will be 16.
[27Apr2026 08:28:12.460] [Render thread/INFO] [net.minecraft.client.gui.components.ChatComponent/]: [System] [CHAT] Next wave in 4...
[27Apr2026 08:28:13.480] [Render thread/INFO] [net.minecraft.client.gui.components.ChatComponent/]: [System] [CHAT] Next wave in 3...
[27Apr2026 08:28:13.754] [Render thread/INFO] [net.minecraft.client.renderer.DynamicUniformStorage/]: Resizing Chunk Sections UBO, capacity limit of 16 reached during a single frame. New capacity will be 32.
[27Apr2026 08:28:14.638] [Render thread/INFO] [net.minecraft.client.gui.components.ChatComponent/]: [System] [CHAT] You respawned with a Stone Sword and food.
[27Apr2026 08:28:14.794] [Render thread/INFO] [net.minecraft.client.gui.components.ChatComponent/]: [System] [CHAT] Next wave in 2...
[27Apr2026 08:28:15.445] [Render thread/INFO] [net.minecraft.client.gui.components.ChatComponent/]: [System] [CHAT] Next wave in 1...
[27Apr2026 08:28:16.039] [Render thread/INFO] [net.minecraft.client.renderer.DynamicUniformStorage/]: Resizing Chunk Sections UBO, capacity limit of 32 reached during a single frame. New capacity will be 64.
[27Apr2026 08:28:16.417] [Render thread/INFO] [net.minecraft.client.renderer.DynamicUniformStorage/]: Resizing Dynamic Transforms UBO, capacity limit of 8 reached during a single frame. New capacity will be 16.
[27Apr2026 08:28:23.993] [Server thread/WARN] [net.minecraft.server.MinecraftServer/]: Can't keep up! Is the server overloaded? Running 2009ms or 40 ticks behind
[27Apr2026 08:28:24.935] [Render thread/INFO] [net.minecraft.client.renderer.DynamicUniformStorage/]: Resizing Chunk Sections UBO, capacity limit of 64 reached during a single frame. New capacity will be 128.
[27Apr2026 08:28:34.153] [Render thread/INFO] [net.minecraft.client.renderer.DynamicUniformStorage/]: Resizing Chunk Sections UBO, capacity limit of 128 reached during a single frame. New capacity will be 256.
[27Apr2026 08:28:43.136] [Render thread/INFO] [net.minecraft.client.renderer.DynamicUniformStorage/]: Resizing Chunk Sections UBO, capacity limit of 256 reached during a single frame. New capacity will be 512.
[27Apr2026 08:28:47.365] [Render thread/INFO] [net.minecraft.client.gui.components.ChatComponent/]: [System] [CHAT] Last zombie!
[27Apr2026 08:28:49.607] [Server thread/WARN] [net.minecraft.server.MinecraftServer/]: Can't keep up! Is the server overloaded? Running 10624ms or 212 ticks behind
[27Apr2026 08:29:00.759] [Render thread/INFO] [net.minecraft.client.gui.components.ChatComponent/]: [System] [CHAT] Wave 2 started!
[27Apr2026 08:29:10.985] [Render thread/INFO] [net.minecraft.client.gui.components.ChatComponent/]: [System] [CHAT] 3 zombies remaining!
[27Apr2026 08:29:12.641] [Server thread/WARN] [net.minecraft.server.MinecraftServer/]: Can't keep up! Is the server overloaded? Running 8058ms or 161 ticks behind
[27Apr2026 08:29:23.238] [Render thread/INFO] [net.minecraft.client.gui.components.ChatComponent/]: [System] [CHAT] Last zombie!
[27Apr2026 08:29:30.459] [Render thread/INFO] [net.minecraft.client.gui.components.ChatComponent/]: [System] [CHAT] +3 bonus points for completing the wave!
[27Apr2026 08:29:31.339] [Render thread/INFO] [net.minecraft.client.gui.components.ChatComponent/]: [System] [CHAT] Next wave in 4...
[27Apr2026 08:29:32.397] [Render thread/INFO] [net.minecraft.client.gui.components.ChatComponent/]: [System] [CHAT] Next wave in 3...
[27Apr2026 08:29:33.408] [Render thread/INFO] [net.minecraft.client.gui.components.ChatComponent/]: [System] [CHAT] Next wave in 2...
[27Apr2026 08:29:34.210] [Render thread/INFO] [net.minecraft.client.gui.components.ChatComponent/]: [System] [CHAT] Next wave in 1...
[27Apr2026 08:29:35.173] [Render thread/INFO] [net.minecraft.client.gui.components.ChatComponent/]: [System] [CHAT] Wave 3 started!
[27Apr2026 08:29:41.885] [Server thread/INFO] [net.minecraft.server.MinecraftServer/]: Dev was slain by Zombie
[27Apr2026 08:29:42.008] [Render thread/INFO] [net.minecraft.client.gui.components.ChatComponent/]: [System] [CHAT] Game Over! You reached wave 3
[27Apr2026 08:29:42.017] [Render thread/INFO] [net.minecraft.client.gui.components.ChatComponent/]: [System] [CHAT] Dev was slain by Zombie
[27Apr2026 08:29:42.024] [Render thread/INFO] [net.minecraft.client.gui.components.ChatComponent/]: [System] [CHAT] Mczombs started!
[27Apr2026 08:29:42.026] [Render thread/INFO] [net.minecraft.client.gui.components.ChatComponent/]: [System] [CHAT] Survive as many waves as you can.
[27Apr2026 08:29:42.027] [Render thread/INFO] [net.minecraft.client.gui.components.ChatComponent/]: [System] [CHAT] Kill zombies to earn points.
[27Apr2026 08:29:42.027] [Render thread/INFO] [net.minecraft.client.gui.components.ChatComponent/]: [System] [CHAT] Use item frames to buy shop items.
[27Apr2026 08:29:42.028] [Render thread/INFO] [net.minecraft.client.gui.components.ChatComponent/]: [System] [CHAT] You spawned with a Stone Sword and food.
[27Apr2026 08:29:43.153] [Render thread/INFO] [net.minecraft.client.gui.components.ChatComponent/]: [System] [CHAT] Next wave in 4...
[27Apr2026 08:29:43.786] [Render thread/INFO] [net.minecraft.client.gui.components.ChatComponent/]: [System] [CHAT] You respawned with a Stone Sword and food.
[27Apr2026 08:29:45.318] [Render thread/INFO] [net.minecraft.client.gui.components.ChatComponent/]: [System] [CHAT] Next wave in 3...
[27Apr2026 08:29:46.024] [Render thread/INFO] [net.minecraft.client.gui.components.ChatComponent/]: [System] [CHAT] Next wave in 2...
[27Apr2026 08:29:46.747] [Render thread/INFO] [net.minecraft.client.gui.components.ChatComponent/]: [System] [CHAT] Next wave in 1...
[27Apr2026 08:29:47.466] [Render thread/INFO] [net.minecraft.client.gui.components.ChatComponent/]: [System] [CHAT] Wave 1 started!
[27Apr2026 08:29:54.572] [Server thread/WARN] [net.minecraft.server.MinecraftServer/]: Can't keep up! Is the server overloaded? Running 3889ms or 77 ticks behind
[27Apr2026 08:30:03.074] [Server thread/INFO] [net.minecraft.client.server.IntegratedServer/]: Saving and pausing game...
[27Apr2026 08:30:03.165] [Server thread/INFO] [net.minecraft.server.MinecraftServer/]: Saving chunks for level 'ServerLevel[ZombiesModMap]'/minecraft:overworld
[27Apr2026 08:30:04.113] [Server thread/INFO] [net.minecraft.server.MinecraftServer/]: Saving chunks for level 'ServerLevel[ZombiesModMap]'/minecraft:the_end
[27Apr2026 08:30:04.118] [Server thread/INFO] [net.minecraft.server.MinecraftServer/]: Saving chunks for level 'ServerLevel[ZombiesModMap]'/minecraft:the_nether
[27Apr2026 08:30:04.497] [Render thread/INFO] [net.minecraft.client.Minecraft/]: Stopping!
[27Apr2026 08:30:04.536] [Server thread/INFO] [net.minecraft.server.network.ServerGamePacketListenerImpl/]: Dev lost connection: Disconnected
[27Apr2026 08:30:04.537] [Server thread/INFO] [net.minecraft.server.MinecraftServer/]: Dev left the game
[27Apr2026 08:30:04.592] [Server thread/INFO] [net.minecraft.server.network.ServerCommonPacketListenerImpl/]: Stopping singleplayer server as player logged out
[27Apr2026 08:30:04.717] [Server thread/INFO] [net.minecraft.server.MinecraftServer/]: Stopping server
[27Apr2026 08:30:04.723] [Server thread/INFO] [net.minecraft.server.MinecraftServer/]: Saving players
[27Apr2026 08:30:04.747] [Server thread/INFO] [net.minecraft.server.MinecraftServer/]: Saving worlds
[27Apr2026 08:30:08.943] [Server thread/INFO] [net.minecraft.server.MinecraftServer/]: Saving chunks for level 'ServerLevel[ZombiesModMap]'/minecraft:overworld
[27Apr2026 08:30:13.656] [Server thread/INFO] [net.minecraft.server.MinecraftServer/]: Saving chunks for level 'ServerLevel[ZombiesModMap]'/minecraft:the_end
[27Apr2026 08:30:13.733] [Server thread/INFO] [net.minecraft.server.MinecraftServer/]: Saving chunks for level 'ServerLevel[ZombiesModMap]'/minecraft:the_nether
[27Apr2026 08:30:13.826] [Server thread/INFO] [net.minecraft.server.MinecraftServer/]: ThreadedAnvilChunkStorage (world): All chunks are saved
[27Apr2026 08:30:13.826] [Server thread/INFO] [net.minecraft.server.MinecraftServer/]: ThreadedAnvilChunkStorage (DIM1): All chunks are saved
[27Apr2026 08:30:13.827] [Server thread/INFO] [net.minecraft.server.MinecraftServer/]: ThreadedAnvilChunkStorage (DIM-1): All chunks are saved
[27Apr2026 08:30:13.827] [Server thread/INFO] [net.minecraft.server.MinecraftServer/]: ThreadedAnvilChunkStorage: All dimensions are saved
